// Jest Snapshot v1, https://goo.gl/fbAQLP

exports[`Pruebas de gifExpertApp Debe mostrarse correctamente 1`] = `
<div>
  <h2>
    GifExpertApp
  </h2>
  <AddCategory
    setCategories={[Function]}
  />
  <hr />
</div>
`;
